// Vitest Snapshot v1, https://vitest.dev/guide/snapshot.html

exports[`TermAndConditions > match snapshot 1`] = `
<DocumentFragment>
  <div>
    <a
      class="home__terms-conditions"
      href="#"
    >
      TÃ©rminos y Condiciones
    </a>
  </div>
</DocumentFragment>
`;
